---
source: crates/agora-tui/src/run/mod.rs
assertion_line: 3365
expression: snapshot
---
╭─ AGORA / ▰ worker-panic ───────────────────────────────────────────────────────────────────── codex / codex  [reset]─╮
│retry unavailable                                                                                                     │
│                                                                                                                      │
╰─ exited with error: panicked-agent fixture ──────────────────────────────────────────────────────────────────────────╯
