---
source: crates/agora-tui/src/run/mod.rs
expression: snapshot
---
│╭─ Tasks ────────────────────────────────────────────────────────────────────────────────────────────────────────────╮│
││                                  ╭─ Queue ─────────────────────────────────────╮                                   ││
││                                  │             ◆ No tasks assigned             │                                   ││
││                                  │        wait for supervisor dispatch         │                                   ││
││                                  ╰─────────────────────────────────────────────╯                                   ││
│╰────────────────────────────────────────────────────────────────────────────────────────────────────────────────────╯│
