---
source: crates/agora-tui/src/run/mod.rs
expression: snapshot
---
╭─ AGORA / ⬡ reviewer-opus ────────────────────────────────────────────────────────── copilot / copilot-reviewer-opus ─╮
╰─ running • ReadFile • ⏱  00:00 ──────────────────────────────────────────────────────────────────────────────────────╯
╭─ AGORA / ▰ worker-1 ─────────────────────────────────────────────────────────────────── codex-worker / codex-worker ─╮
╰─ idle ───────────────────────────────────────────────────────────────────────────────────────────────────────────────╯
╭─ AGORA / ◉ claude-supervisor ────────────────────────────────────────────────────────────────────── claude / claude ─╮
╰─ error • exec ───────────────────────────────────────────────────────────────────────────────────────────────────────╯
