---
source: crates/agora-tui/src/run/mod.rs
expression: snapshot
---
│╭─ Factory Status ───────────────────────────────────────────────────────────────────────────────────────────────────╮│
││                                   ╭─ Start here ──────────────────────────────╮                                    ││
││                                   │            ⬡ No agents online             │                                    ││
││                                   │          start an agent with C-n          │                                    ││
││                                   ╰───────────────────────────────────────────╯                                    ││
│╰────────────────────────────────────────────────────────────────────────────────────────────────────────────────────╯│
